<?xml version="1.0" encoding="UTF-8"?>
<testsuites name="jest tests" tests="4" failures="0" errors="0" time="0.183">
  <testsuite name="undefined" errors="0" failures="0" skipped="0" timestamp="2024-10-22T15:13:31" time="0.156" tests="4">
    <testcase classname=" Testing Print Name Function" name=" Testing Print Name Function" time="0.014">
    </testcase>
    <testcase classname=" Testing Print Age" name=" Testing Print Age" time="0.003">
    </testcase>
    <testcase classname=" Testing Print Hello Function" name=" Testing Print Hello Function" time="0.008">
    </testcase>
    <testcase classname=" Testing Print Max Function" name=" Testing Print Max Function" time="0.002">
    </testcase>
  </testsuite>
</testsuites>